2025-11-19T16:05:50.5424367Z Current runner version: '2.329.0'
2025-11-19T16:05:50.5457477Z ##[group]Runner Image Provisioner
2025-11-19T16:05:50.5458774Z Hosted Compute Agent
2025-11-19T16:05:50.5459639Z Version: 20251016.436
2025-11-19T16:05:50.5460583Z Commit: 8ab8ac8bfd662a3739dab9fe09456aba92132568
2025-11-19T16:05:50.5461589Z Build Date: 2025-10-15T20:44:12Z
2025-11-19T16:05:50.5462885Z ##[endgroup]
2025-11-19T16:05:50.5463725Z ##[group]Operating System
2025-11-19T16:05:50.5464634Z Ubuntu
2025-11-19T16:05:50.5465344Z 24.04.3
2025-11-19T16:05:50.5466109Z LTS
2025-11-19T16:05:50.5466922Z ##[endgroup]
2025-11-19T16:05:50.5467654Z ##[group]Runner Image
2025-11-19T16:05:50.5468550Z Image: ubuntu-24.04
2025-11-19T16:05:50.5469313Z Version: 20251112.124.1
2025-11-19T16:05:50.5471138Z Included Software: https://github.com/actions/runner-images/blob/ubuntu24/20251112.124/images/ubuntu/Ubuntu2404-Readme.md
2025-11-19T16:05:50.5473889Z Image Release: https://github.com/actions/runner-images/releases/tag/ubuntu24%2F20251112.124
2025-11-19T16:05:50.5475621Z ##[endgroup]
2025-11-19T16:05:50.5477330Z ##[group]GITHUB_TOKEN Permissions
2025-11-19T16:05:50.5479892Z Contents: read
2025-11-19T16:05:50.5480708Z Metadata: read
2025-11-19T16:05:50.5481398Z Packages: read
2025-11-19T16:05:50.5482575Z ##[endgroup]
2025-11-19T16:05:50.5485773Z Secret source: Actions
2025-11-19T16:05:50.5487387Z Prepare workflow directory
2025-11-19T16:05:50.5934105Z Prepare all required actions
2025-11-19T16:05:50.5990725Z Getting action download info
2025-11-19T16:05:50.9315472Z Download action repository 'actions/checkout@v5' (SHA:93cb6efe18208431cddfb8368fd83d5badbf9bfd)
2025-11-19T16:05:51.2463287Z Download action repository 'actions/setup-node@v6' (SHA:2028fbc5c25fe9cf00d9f06a71cc4710d4507903)
2025-11-19T16:05:51.3407436Z Download action repository 'actions/upload-artifact@v5' (SHA:330a01c490aca151604b8cf639adc76d48f6c5d4)
2025-11-19T16:05:51.5925183Z Complete job name: frontend-test
2025-11-19T16:05:51.6591619Z ##[group]Run actions/checkout@v5
2025-11-19T16:05:51.6592601Z with:
2025-11-19T16:05:51.6593003Z   repository: zerox80/RustBlogCMS
2025-11-19T16:05:51.6593628Z   token: ***
2025-11-19T16:05:51.6594013Z   ssh-strict: true
2025-11-19T16:05:51.6594391Z   ssh-user: git
2025-11-19T16:05:51.6594786Z   persist-credentials: true
2025-11-19T16:05:51.6595231Z   clean: true
2025-11-19T16:05:51.6595616Z   sparse-checkout-cone-mode: true
2025-11-19T16:05:51.6596087Z   fetch-depth: 1
2025-11-19T16:05:51.6596462Z   fetch-tags: false
2025-11-19T16:05:51.6596857Z   show-progress: true
2025-11-19T16:05:51.6597254Z   lfs: false
2025-11-19T16:05:51.6597613Z   submodules: false
2025-11-19T16:05:51.6598011Z   set-safe-directory: true
2025-11-19T16:05:51.6598670Z ##[endgroup]
2025-11-19T16:05:51.7509809Z Syncing repository: zerox80/RustBlogCMS
2025-11-19T16:05:51.7511441Z ##[group]Getting Git version info
2025-11-19T16:05:51.7512154Z Working directory is '/home/runner/work/RustBlogCMS/RustBlogCMS'
2025-11-19T16:05:51.7513584Z [command]/usr/bin/git version
2025-11-19T16:05:51.7607288Z git version 2.51.2
2025-11-19T16:05:51.7661014Z ##[endgroup]
2025-11-19T16:05:51.7677873Z Temporarily overriding HOME='/home/runner/work/_temp/aca6c4e7-f62a-4bfc-9816-6a227f41509f' before making global git config changes
2025-11-19T16:05:51.7680212Z Adding repository directory to the temporary git global config as a safe directory
2025-11-19T16:05:51.7684099Z [command]/usr/bin/git config --global --add safe.directory /home/runner/work/RustBlogCMS/RustBlogCMS
2025-11-19T16:05:51.7725704Z Deleting the contents of '/home/runner/work/RustBlogCMS/RustBlogCMS'
2025-11-19T16:05:51.7729386Z ##[group]Initializing the repository
2025-11-19T16:05:51.7734437Z [command]/usr/bin/git init /home/runner/work/RustBlogCMS/RustBlogCMS
2025-11-19T16:05:51.7876616Z hint: Using 'master' as the name for the initial branch. This default branch name
2025-11-19T16:05:51.7877759Z hint: is subject to change. To configure the initial branch name to use in all
2025-11-19T16:05:51.7878809Z hint: of your new repositories, which will suppress this warning, call:
2025-11-19T16:05:51.7879861Z hint:
2025-11-19T16:05:51.7880510Z hint: 	git config --global init.defaultBranch <name>
2025-11-19T16:05:51.7881653Z hint:
2025-11-19T16:05:51.7882534Z hint: Names commonly chosen instead of 'master' are 'main', 'trunk' and
2025-11-19T16:05:51.7883750Z hint: 'development'. The just-created branch can be renamed via this command:
2025-11-19T16:05:51.7885315Z hint:
2025-11-19T16:05:51.7886152Z hint: 	git branch -m <name>
2025-11-19T16:05:51.7887088Z hint:
2025-11-19T16:05:51.7888334Z hint: Disable this message with "git config set advice.defaultBranchName false"
2025-11-19T16:05:51.7890281Z Initialized empty Git repository in /home/runner/work/RustBlogCMS/RustBlogCMS/.git/
2025-11-19T16:05:51.7895003Z [command]/usr/bin/git remote add origin https://github.com/zerox80/RustBlogCMS
2025-11-19T16:05:51.7929339Z ##[endgroup]
2025-11-19T16:05:51.7930522Z ##[group]Disabling automatic garbage collection
2025-11-19T16:05:51.7933908Z [command]/usr/bin/git config --local gc.auto 0
2025-11-19T16:05:51.7961407Z ##[endgroup]
2025-11-19T16:05:51.7962779Z ##[group]Setting up auth
2025-11-19T16:05:51.7968546Z [command]/usr/bin/git config --local --name-only --get-regexp core\.sshCommand
2025-11-19T16:05:51.7999084Z [command]/usr/bin/git submodule foreach --recursive sh -c "git config --local --name-only --get-regexp 'core\.sshCommand' && git config --local --unset-all 'core.sshCommand' || :"
2025-11-19T16:05:51.8380884Z [command]/usr/bin/git config --local --name-only --get-regexp http\.https\:\/\/github\.com\/\.extraheader
2025-11-19T16:05:51.8411837Z [command]/usr/bin/git submodule foreach --recursive sh -c "git config --local --name-only --get-regexp 'http\.https\:\/\/github\.com\/\.extraheader' && git config --local --unset-all 'http.https://github.com/.extraheader' || :"
2025-11-19T16:05:51.8629156Z [command]/usr/bin/git config --local --name-only --get-regexp ^includeIf\.gitdir:
2025-11-19T16:05:51.8661912Z [command]/usr/bin/git submodule foreach --recursive git config --local --show-origin --name-only --get-regexp remote.origin.url
2025-11-19T16:05:51.8880584Z [command]/usr/bin/git config --local http.https://github.com/.extraheader AUTHORIZATION: basic ***
2025-11-19T16:05:51.8914046Z ##[endgroup]
2025-11-19T16:05:51.8915261Z ##[group]Fetching the repository
2025-11-19T16:05:51.8924033Z [command]/usr/bin/git -c protocol.version=2 fetch --no-tags --prune --no-recurse-submodules --depth=1 origin +feacb2dfad6cd511531325a37b8c3fcb8aecca15:refs/remotes/origin/main
2025-11-19T16:05:52.1108722Z From https://github.com/zerox80/RustBlogCMS
2025-11-19T16:05:52.1110346Z  * [new ref]         feacb2dfad6cd511531325a37b8c3fcb8aecca15 -> origin/main
2025-11-19T16:05:52.1144236Z ##[endgroup]
2025-11-19T16:05:52.1145733Z ##[group]Determining the checkout info
2025-11-19T16:05:52.1147294Z ##[endgroup]
2025-11-19T16:05:52.1152970Z [command]/usr/bin/git sparse-checkout disable
2025-11-19T16:05:52.1197576Z [command]/usr/bin/git config --local --unset-all extensions.worktreeConfig
2025-11-19T16:05:52.1224436Z ##[group]Checking out the ref
2025-11-19T16:05:52.1228720Z [command]/usr/bin/git checkout --progress --force -B main refs/remotes/origin/main
2025-11-19T16:05:52.1376199Z Switched to a new branch 'main'
2025-11-19T16:05:52.1379338Z branch 'main' set up to track 'origin/main'.
2025-11-19T16:05:52.1385734Z ##[endgroup]
2025-11-19T16:05:52.1421300Z [command]/usr/bin/git log -1 --format=%H
2025-11-19T16:05:52.1443889Z feacb2dfad6cd511531325a37b8c3fcb8aecca15
2025-11-19T16:05:52.1681208Z ##[group]Run actions/setup-node@v6
2025-11-19T16:05:52.1681722Z with:
2025-11-19T16:05:52.1682061Z   node-version: 20
2025-11-19T16:05:52.1682880Z   always-auth: false
2025-11-19T16:05:52.1683281Z   check-latest: false
2025-11-19T16:05:52.1684074Z   token: ***
2025-11-19T16:05:52.1684635Z   package-manager-cache: true
2025-11-19T16:05:52.1685151Z ##[endgroup]
2025-11-19T16:05:52.3097553Z Found in cache @ /opt/hostedtoolcache/node/20.19.5/x64
2025-11-19T16:05:52.3102579Z (node:2088) [DEP0040] DeprecationWarning: The `punycode` module is deprecated. Please use a userland alternative instead.
2025-11-19T16:05:52.3104170Z (Use `node --trace-deprecation ...` to show where the warning was created)
2025-11-19T16:05:52.3105643Z ##[group]Environment details
2025-11-19T16:05:55.0711364Z node: v20.19.5
2025-11-19T16:05:55.0713372Z npm: 10.8.2
2025-11-19T16:05:55.0714450Z yarn: 1.22.22
2025-11-19T16:05:55.0716668Z ##[endgroup]
2025-11-19T16:05:55.0876882Z ##[group]Run rm -rf node_modules package-lock.json
2025-11-19T16:05:55.0878656Z [36;1mrm -rf node_modules package-lock.json[0m
2025-11-19T16:05:55.0880130Z [36;1mnpm install[0m
2025-11-19T16:05:55.0927808Z shell: /usr/bin/bash -e {0}
2025-11-19T16:05:55.0929059Z ##[endgroup]
2025-11-19T16:06:31.1652905Z 
2025-11-19T16:06:31.1665865Z added 587 packages, and audited 588 packages in 36s
2025-11-19T16:06:31.1666578Z 
2025-11-19T16:06:31.1667010Z 257 packages are looking for funding
2025-11-19T16:06:31.1667680Z   run `npm fund` for details
2025-11-19T16:06:31.1670357Z 
2025-11-19T16:06:31.1670849Z found 0 vulnerabilities
2025-11-19T16:06:31.1999663Z ##[group]Run npm run lint
2025-11-19T16:06:31.2000003Z [36;1mnpm run lint[0m
2025-11-19T16:06:31.2035433Z shell: /usr/bin/bash -e {0}
2025-11-19T16:06:31.2035726Z ##[endgroup]
2025-11-19T16:06:31.3229913Z 
2025-11-19T16:06:31.3230510Z > linux-tutorial-cms@1.0.0 lint
2025-11-19T16:06:31.3230988Z > eslint src --ext js,jsx
2025-11-19T16:06:31.3231189Z 
2025-11-19T16:06:35.7244517Z 
2025-11-19T16:06:35.7245516Z /home/runner/work/RustBlogCMS/RustBlogCMS/src/components/Footer.jsx
2025-11-19T16:06:35.7259348Z    59:5   error    Compilation Skipped: Existing memoization could not be preserved
2025-11-19T16:06:35.7259743Z 
2025-11-19T16:06:35.7261790Z React Compiler has skipped optimizing this component because the existing manual memoization could not be preserved. The inferred dependencies did not match the manually specified dependencies, which could cause the value to change more or less frequently than expected. The inferred dependency was `navigation`, but the source dependencies were [navigation?.static]. Inferred less specific property than source.
2025-11-19T16:06:35.7263648Z 
2025-11-19T16:06:35.7264069Z   57 |   const contactLinks = Array.isArray(footerContent?.contactLinks) ? footerContent.contactLinks : []
2025-11-19T16:06:35.7264634Z   58 |   const staticNavigationItems = useMemo(
2025-11-19T16:06:35.7265160Z > 59 |     () => (Array.isArray(navigation?.static) ? navigation.static : []),
2025-11-19T16:06:35.7265725Z      |     ^^^^^^^^^^^^^^^^^^^^^^^^^^^^^^^^^^^^^^^^^^^^^^^^^^^^^^^^^^^^^^^^^^ Could not preserve existing manual memoization
2025-11-19T16:06:35.7266145Z   60 |     [navigation?.static],
2025-11-19T16:06:35.7266435Z   61 |   )
2025-11-19T16:06:35.7267744Z   62 |   const dynamicNavigationItems = useMemo(                                                                                                                                                                                                                                                                                                                                                                                                                                                                                                                                                                                                                                                                                                                                                                                                                                  react-hooks/preserve-manual-memoization
2025-11-19T16:06:35.7268926Z    63:5   error    Compilation Skipped: Existing memoization could not be preserved
2025-11-19T16:06:35.7269332Z 
2025-11-19T16:06:35.7271452Z React Compiler has skipped optimizing this component because the existing manual memoization could not be preserved. The inferred dependencies did not match the manually specified dependencies, which could cause the value to change more or less frequently than expected. The inferred dependency was `navigation`, but the source dependencies were [navigation?.dynamic]. Inferred less specific property than source.
2025-11-19T16:06:35.7273634Z 
2025-11-19T16:06:35.7273737Z   61 |   )
2025-11-19T16:06:35.7274028Z   62 |   const dynamicNavigationItems = useMemo(
2025-11-19T16:06:35.7274589Z > 63 |     () => (Array.isArray(navigation?.dynamic) ? navigation.dynamic : []),
2025-11-19T16:06:35.7275201Z      |     ^^^^^^^^^^^^^^^^^^^^^^^^^^^^^^^^^^^^^^^^^^^^^^^^^^^^^^^^^^^^^^^^^^^^ Could not preserve existing manual memoization
2025-11-19T16:06:35.7275624Z   64 |     [navigation?.dynamic],
2025-11-19T16:06:35.7275900Z   65 |   )
2025-11-19T16:06:35.7277404Z   66 |   const effectiveNavigationItems = useMemo(() => {                                                                                                                                                                                                                                                                                                                                                                                                                                                                                                                                                                                                                                                                                                                                                                                                                                                                                                                  react-hooks/preserve-manual-memoization
2025-11-19T16:06:35.7278466Z    66:44  error    Compilation Skipped: Existing memoization could not be preserved
2025-11-19T16:06:35.7278785Z 
2025-11-19T16:06:35.7280833Z React Compiler has skipped optimizing this component because the existing manual memoization could not be preserved. The inferred dependencies did not match the manually specified dependencies, which could cause the value to change more or less frequently than expected. The inferred dependency was `navigation`, but the source dependencies were [staticNavigationItems, dynamicNavigationItems, navigation?.items]. Inferred less specific property than source.
2025-11-19T16:06:35.7282698Z 
2025-11-19T16:06:35.7282849Z   64 |     [navigation?.dynamic],
2025-11-19T16:06:35.7283101Z   65 |   )
2025-11-19T16:06:35.7283415Z > 66 |   const effectiveNavigationItems = useMemo(() => {
2025-11-19T16:06:35.7283775Z      |                                            ^^^^^^^
2025-11-19T16:06:35.7284250Z > 67 |     const combined = [...staticNavigationItems, ...dynamicNavigationItems]
2025-11-19T16:06:35.7284695Z      | ^^^^^^^^^^^^^^^^^^^^^^^^^^^^^^^^^^^^^^^^^^^^^^^^^^^^^^^^^^^^^^^^^^^^^^^^^^
2025-11-19T16:06:35.7285033Z > 68 |     if (combined.length > 0) {
2025-11-19T16:06:35.7285359Z      | ^^^^^^^^^^^^^^^^^^^^^^^^^^^^^^^^^^^^^^^^^^^^^^^^^^^^^^^^^^^^^^^^^^^^^^^^^^
2025-11-19T16:06:35.7285684Z > 69 |       return combined
2025-11-19T16:06:35.7285991Z      | ^^^^^^^^^^^^^^^^^^^^^^^^^^^^^^^^^^^^^^^^^^^^^^^^^^^^^^^^^^^^^^^^^^^^^^^^^^
2025-11-19T16:06:35.7286257Z > 70 |     }
2025-11-19T16:06:35.7286511Z      | ^^^^^^^^^^^^^^^^^^^^^^^^^^^^^^^^^^^^^^^^^^^^^^^^^^^^^^^^^^^^^^^^^^^^^^^^^^
2025-11-19T16:06:35.7287008Z > 71 |     const allItems = Array.isArray(navigation?.items) ? navigation.items : []
2025-11-19T16:06:35.7287447Z      | ^^^^^^^^^^^^^^^^^^^^^^^^^^^^^^^^^^^^^^^^^^^^^^^^^^^^^^^^^^^^^^^^^^^^^^^^^^
2025-11-19T16:06:35.7287741Z > 72 |     return allItems
2025-11-19T16:06:35.7288024Z      | ^^^^^^^^^^^^^^^^^^^^^^^^^^^^^^^^^^^^^^^^^^^^^^^^^^^^^^^^^^^^^^^^^^^^^^^^^^
2025-11-19T16:06:35.7288501Z > 73 |   }, [staticNavigationItems, dynamicNavigationItems, navigation?.items])
2025-11-19T16:06:35.7288958Z      | ^^^^ Could not preserve existing manual memoization
2025-11-19T16:06:35.7289343Z   74 |   const buildTargetHref = useCallback((target) => {
2025-11-19T16:06:35.7289715Z   75 |     if (!target || typeof target !== 'object') {
2025-11-19T16:06:35.7290260Z   76 |       return null  react-hooks/preserve-manual-memoization
2025-11-19T16:06:35.7290910Z    95:30  error    Compilation Skipped: Existing memoization could not be preserved
2025-11-19T16:06:35.7291222Z 
2025-11-19T16:06:35.7293566Z React Compiler has skipped optimizing this component because the existing manual memoization could not be preserved. The inferred dependencies did not match the manually specified dependencies, which could cause the value to change more or less frequently than expected. The inferred dependency was `footerContent`, but the source dependencies were [buildTargetHref, effectiveNavigationItems, footerContent?.quickLinks]. Inferred less specific property than source.
2025-11-19T16:06:35.7295272Z 
2025-11-19T16:06:35.7295367Z    93 |     }
2025-11-19T16:06:35.7295559Z    94 |   }, [])
2025-11-19T16:06:35.7295838Z >  95 |   const quickLinks = useMemo(() => {
2025-11-19T16:06:35.7296139Z       |                              ^^^^^^^
2025-11-19T16:06:35.7297065Z >  96 |     const contentLinks = Array.isArray(footerContent?.quickLinks) ? footerContent.quickLinks : []
2025-11-19T16:06:35.7297662Z       | ^^^^^^^^^^^^^^^^^^^^^^^^^^^^^^^^^^^^^^^^^^^^^^^^^^^^^^^^^^^^^^^^^^^^^^^^^^^^^^^^^^^^^^^^^^^^^^^^^
2025-11-19T16:06:35.7298045Z >  97 |     const normalizedContentLinks = contentLinks
2025-11-19T16:06:35.7298546Z       …
2025-11-19T16:06:35.7298815Z       | ^^^^^^^^^^^^^^^^^^^^^^^^^^^^^^^^^^^^^^^^^^^^^^^^^^^^^^^^^^^^^^^^^^^^^^^^^^^^^^^^^^^^^^^^^^^^^^^^^
2025-11-19T16:06:35.7299148Z > 188 |       .filter(Boolean)
2025-11-19T16:06:35.7299458Z       | ^^^^^^^^^^^^^^^^^^^^^^^^^^^^^^^^^^^^^^^^^^^^^^^^^^^^^^^^^^^^^^^^^^^^^^^^^^^^^^^^^^^^^^^^^^^^^^^^^
2025-11-19T16:06:35.7299958Z > 189 |   }, [buildTargetHref, effectiveNavigationItems, footerContent?.quickLinks])
2025-11-19T16:06:35.7300432Z       | ^^^^ Could not preserve existing manual memoization
2025-11-19T16:06:35.7300794Z   190 |   const handleQuickLink = (event, link) => {
2025-11-19T16:06:35.7301167Z   191 |     // Early return for invalid or missing link data
2025-11-19T16:06:35.7301809Z   192 |     if (!link) return                                                                                                                                                                                                                                                                                react-hooks/preserve-manual-memoization
2025-11-19T16:06:35.7302677Z   227:18  error    Error: Cannot create components during render
2025-11-19T16:06:35.7302929Z 
2025-11-19T16:06:35.7303420Z Components created during render will reset their state each time they are created. Declare components outside of render.
2025-11-19T16:06:35.7303854Z 
2025-11-19T16:06:35.7304050Z   225 |             <div className="flex items-center space-x-3 mb-4">
2025-11-19T16:06:35.7304696Z   226 |               <div className="bg-gradient-to-r from-primary-600 to-primary-800 p-2 rounded-lg">
2025-11-19T16:06:35.7305263Z > 227 |                 <BrandIcon className="w-6 h-6 text-white" />
2025-11-19T16:06:35.7305665Z       |                  ^^^^^^^^^ This component is created during render
2025-11-19T16:06:35.7305958Z   228 |               </div>
2025-11-19T16:06:35.7306277Z   229 |               <span className="text-xl font-bold text-white">
2025-11-19T16:06:35.7306761Z   230 |                 {footerContent?.brand?.title || footerContent?.brand?.name || 'IT Portal'}
2025-11-19T16:06:35.7307071Z 
2025-11-19T16:06:35.7307196Z   52 |   const location = useLocation()
2025-11-19T16:06:35.7307694Z   53 |   const BrandIcon = useMemo(
2025-11-19T16:06:35.7308273Z > 54 |     () => getIconComponent(footerContent?.brand?.icon, 'Terminal'),
2025-11-19T16:06:35.7308732Z      |           ^^^^^^^^^^^^^^^^^^^^^^^^^^^^^^^^^^^^^^^^^^^^^^^^^^^^^^^^ The component is created during render here
2025-11-19T16:06:35.7309082Z   55 |     [footerContent?.brand?.icon],
2025-11-19T16:06:35.7309334Z   56 |   )
2025-11-19T16:06:35.7310444Z   57 |   const contactLinks = Array.isArray(footerContent?.contactLinks) ? footerContent.contactLinks : []                                                                                                                                                                                                                                                                                                                                                                                                                                                                                                                                                                                                                                          react-hooks/static-components
2025-11-19T16:06:35.7322060Z ##[warning]  246:25  warning  'isSpecialProtocol' is assigned a value but never used                                                                                                                                                                                                                                                                                                                                                                                                                                                                                                                                                                                                                                                                                                                                                                                                                                                                                                                                                                                                                                                                                                                                                                                                                                                                                                                                                                                                                                                                                                                                                                                                                                                                                                                                               no-unused-vars
2025-11-19T16:06:35.7331438Z 
2025-11-19T16:06:35.7331825Z /home/runner/work/RustBlogCMS/RustBlogCMS/src/components/Header.jsx
2025-11-19T16:06:35.7332652Z   64:9  error  Error: This value cannot be modified
2025-11-19T16:06:35.7332893Z 
2025-11-19T16:06:35.7333308Z Modifying a variable defined outside a component or hook is not allowed. Consider using an effect.
2025-11-19T16:06:35.7333676Z 
2025-11-19T16:06:35.7333765Z   62 |       }
2025-11-19T16:06:35.7334106Z   63 |       if (safeUrl.startsWith('mailto:') || safeUrl.startsWith('tel:')) {
2025-11-19T16:06:35.7334546Z > 64 |         window.location.href = safeUrl
2025-11-19T16:06:35.7334866Z      |         ^^^^^^^^^^^^^^^ value cannot be modified
2025-11-19T16:06:35.7335142Z   65 |         return
2025-11-19T16:06:35.7335348Z   66 |       }
2025-11-19T16:06:35.7335651Z   67 |       window.location.assign(safeUrl)  react-hooks/immutability
2025-11-19T16:06:35.7335919Z 
2025-11-19T16:06:35.7336190Z /home/runner/work/RustBlogCMS/RustBlogCMS/src/components/Hero.jsx
2025-11-19T16:06:35.7336713Z   77:14  error  Error: Cannot create components during render
2025-11-19T16:06:35.7336943Z 
2025-11-19T16:06:35.7337423Z Components created during render will reset their state each time they are created. Declare components outside of render.
2025-11-19T16:06:35.7337863Z 
2025-11-19T16:06:35.7337948Z   75 |           </div>
2025-11-19T16:06:35.7338525Z   76 |           <div className="mx-auto flex h-24 w-24 items-center justify-center rounded-2xl border border-white/20 bg-white/10 backdrop-blur">
2025-11-19T16:06:35.7339356Z > 77 |             <HeroIcon className="w-12 h-12 text-white" />
2025-11-19T16:06:35.7339727Z      |              ^^^^^^^^ This component is created during render
2025-11-19T16:06:35.7340011Z   78 |           </div>
2025-11-19T16:06:35.7340257Z   79 |           <div className="space-y-6">
2025-11-19T16:06:35.7340732Z   80 |             <h1 className="text-5xl sm:text-6xl lg:text-7xl font-bold tracking-tight text-white">
2025-11-19T16:06:35.7341046Z 
2025-11-19T16:06:35.7341186Z   10 |   const { getSection } = useContent()
2025-11-19T16:06:35.7341515Z   11 |   const heroContent = getSection('hero') ?? {}
2025-11-19T16:06:35.7341972Z > 12 |   const HeroIcon = getIconComponent(heroContent.icon, 'Terminal')
2025-11-19T16:06:35.7342675Z      |                    ^^^^^^^^^^^^^^^^^^^^^^^^^^^^^^^^^^^^^^^^^^^^^^ The component is created during render here
2025-11-19T16:06:35.7343199Z   13 |   const features = Array.isArray(heroContent.features) ? heroContent.features : []
2025-11-19T16:06:35.7343785Z   14 |   const handleTarget = (target) => {
2025-11-19T16:06:35.7344188Z   15 |     if (!target || !target.type) {  react-hooks/static-components
2025-11-19T16:06:35.7344469Z 
2025-11-19T16:06:35.7344831Z /home/runner/work/RustBlogCMS/RustBlogCMS/src/components/SiteContentEditor/index.jsx
2025-11-19T16:06:35.7354815Z ##[warning]    8:10  warning  'getIconComponent' is defined but never used                                                                                                                                                                                                                                                                                                                                                                                                                                                                                                                                                                                                                                                                                                                                                                                                                                                                                                                                                                                                                                                                                   no-unused-vars
2025-11-19T16:06:35.7356684Z   912:5   error    Error: Calling setState synchronously within an effect can trigger cascading renders
2025-11-19T16:06:35.7357043Z 
2025-11-19T16:06:35.7357963Z Effects are intended to synchronize state between React and external systems such as manually updating the DOM, state management libraries, or other platform APIs. In general, the body of an effect should do one or both of the following:
2025-11-19T16:06:35.7358943Z * Update external systems with the latest state from React.
2025-11-19T16:06:35.7359627Z * Subscribe for updates from some external system, calling setState in a callback function when external state changes.
2025-11-19T16:06:35.7360035Z 
2025-11-19T16:06:35.7360776Z Calling setState synchronously within an effect body causes cascading renders that can hurt performance, and is not recommended. (https://react.dev/learn/you-might-not-need-an-effect).
2025-11-19T16:06:35.7361409Z 
2025-11-19T16:06:35.7361496Z   910 |     }
2025-11-19T16:06:35.7362039Z   911 |     const current = cloneContent(activeContent ?? getDefaultSection(selectedSection) ?? DEFAULT_CONTENT[selectedSection])
2025-11-19T16:06:35.7363028Z > 912 |     setOriginalContent(current)
2025-11-19T16:06:35.7363388Z       |     ^^^^^^^^^^^^^^^^^^ Avoid calling setState() directly within an effect
2025-11-19T16:06:35.7363731Z   913 |     setDraftContent(current)
2025-11-19T16:06:35.7364063Z   914 |     setEditorValue(JSON.stringify(current, null, 2))
2025-11-19T16:06:35.7364461Z   915 |     setJsonError(null)  react-hooks/set-state-in-effect
2025-11-19T16:06:35.7364694Z 
2025-11-19T16:06:35.7365233Z /home/runner/work/RustBlogCMS/RustBlogCMS/src/components/page-manager/PageForm.jsx
2025-11-19T16:06:35.7366348Z ##[warning]   63:9   warning  'slugDiffersAfterSanitize' is assigned a value but never used  no-unused-vars
2025-11-19T16:06:35.7367653Z ##[warning]   70:14  warning  'e' is defined but never used                                  no-unused-vars
2025-11-19T16:06:35.7368825Z ##[warning]  368:30  warning  'err' is defined but never used                                no-unused-vars
2025-11-19T16:06:35.7370500Z ##[error]  368:35  error    Empty block statement                                          no-empty
2025-11-19T16:06:35.7371297Z 
2025-11-19T16:06:35.7371675Z /home/runner/work/RustBlogCMS/RustBlogCMS/src/components/page-manager/PostForm.jsx
2025-11-19T16:06:35.7372753Z ##[warning]  34:9  warning  'auth' is assigned a value but never used  no-unused-vars
2025-11-19T16:06:35.7373473Z 
2025-11-19T16:06:35.7373772Z /home/runner/work/RustBlogCMS/RustBlogCMS/src/pages/LandingPage.jsx
2025-11-19T16:06:35.7374806Z ##[warning]   3:22  warning  'Sparkles' is defined but never used           no-unused-vars
2025-11-19T16:06:35.7376011Z ##[warning]   3:32  warning  'Zap' is defined but never used                no-unused-vars
2025-11-19T16:06:35.7377120Z ##[warning]   3:37  warning  'Shield' is defined but never used             no-unused-vars
2025-11-19T16:06:35.7378202Z ##[warning]   3:45  warning  'Globe' is defined but never used              no-unused-vars
2025-11-19T16:06:35.7379287Z ##[warning]   3:52  warning  'Code' is defined but never used               no-unused-vars
2025-11-19T16:06:35.7380351Z ##[warning]   3:58  warning  'Terminal' is defined but never used           no-unused-vars
2025-11-19T16:06:35.7381427Z ##[warning]  16:12  warning  'scrolled' is assigned a value but never used  no-unused-vars
2025-11-19T16:06:35.7382107Z 
2025-11-19T16:06:35.7382595Z /home/runner/work/RustBlogCMS/RustBlogCMS/src/pages/PostDetail.jsx
2025-11-19T16:06:35.7383353Z ##[warning]  15:10  warning  'page' is assigned a value but never used  no-unused-vars
2025-11-19T16:06:35.7384078Z 
2025-11-19T16:06:35.7384323Z /home/runner/work/RustBlogCMS/RustBlogCMS/src/test/setup.js
2025-11-19T16:06:35.7385031Z ##[warning]  1:10  warning  'expect' is defined but never used  no-unused-vars
2025-11-19T16:06:35.7385716Z 
2025-11-19T16:06:35.7386068Z /home/runner/work/RustBlogCMS/RustBlogCMS/src/utils/remarkMergeInlineParagraphs.js
2025-11-19T16:06:35.7386963Z ##[warning]    1:10  warning  'visit' is defined but never used                        no-unused-vars
2025-11-19T16:06:35.7388179Z ##[warning]   51:7   warning  'cloneParagraph' is assigned a value but never used      no-unused-vars
2025-11-19T16:06:35.7389372Z ##[warning]   57:7   warning  'getParagraphText' is assigned a value but never used    no-unused-vars
2025-11-19T16:06:35.7390565Z ##[warning]   73:7   warning  'isInlineCodeOnly' is assigned a value but never used    no-unused-vars
2025-11-19T16:06:35.7391757Z ##[warning]   78:7   warning  'endsWithInlineCode' is assigned a value but never used  no-unused-vars
2025-11-19T16:06:35.7393232Z ##[warning]  100:7   warning  'isInlineParagraph' is assigned a value but never used   no-unused-vars
2025-11-19T16:06:35.7394487Z ##[warning]  109:7   warning  'mergeParagraphs' is assigned a value but never used     no-unused-vars
2025-11-19T16:06:35.7395211Z 
2025-11-19T16:06:35.7395566Z ✖ 31 problems (9 errors, 22 warnings)
2025-11-19T16:06:35.7395755Z 
2025-11-19T16:06:35.7704902Z ##[error]Process completed with exit code 1.
2025-11-19T16:06:35.7809872Z ##[group]Run actions/upload-artifact@v5
2025-11-19T16:06:35.7810336Z with:
2025-11-19T16:06:35.7810618Z   name: playwright-report
2025-11-19T16:06:35.7810992Z   path: playwright-report/
2025-11-19T16:06:35.7811345Z   retention-days: 30
2025-11-19T16:06:35.7811659Z   if-no-files-found: warn
2025-11-19T16:06:35.7812000Z   compression-level: 6
2025-11-19T16:06:35.7812501Z   overwrite: false
2025-11-19T16:06:35.7812822Z   include-hidden-files: false
2025-11-19T16:06:35.7813417Z ##[endgroup]
2025-11-19T16:06:36.0013793Z ##[warning]No files were found with the provided path: playwright-report/. No artifacts will be uploaded.
2025-11-19T16:06:36.0189081Z Post job cleanup.
2025-11-19T16:06:36.1064076Z [command]/usr/bin/git version
2025-11-19T16:06:36.1106208Z git version 2.51.2
2025-11-19T16:06:36.1147415Z Temporarily overriding HOME='/home/runner/work/_temp/66310880-af7d-4a75-9751-84e1b6db5c48' before making global git config changes
2025-11-19T16:06:36.1149572Z Adding repository directory to the temporary git global config as a safe directory
2025-11-19T16:06:36.1153381Z [command]/usr/bin/git config --global --add safe.directory /home/runner/work/RustBlogCMS/RustBlogCMS
2025-11-19T16:06:36.1190574Z [command]/usr/bin/git config --local --name-only --get-regexp core\.sshCommand
2025-11-19T16:06:36.1224757Z [command]/usr/bin/git submodule foreach --recursive sh -c "git config --local --name-only --get-regexp 'core\.sshCommand' && git config --local --unset-all 'core.sshCommand' || :"
2025-11-19T16:06:36.1520096Z [command]/usr/bin/git config --local --name-only --get-regexp http\.https\:\/\/github\.com\/\.extraheader
2025-11-19T16:06:36.1548105Z http.https://github.com/.extraheader
2025-11-19T16:06:36.1560312Z [command]/usr/bin/git config --local --unset-all http.https://github.com/.extraheader
2025-11-19T16:06:36.1593978Z [command]/usr/bin/git submodule foreach --recursive sh -c "git config --local --name-only --get-regexp 'http\.https\:\/\/github\.com\/\.extraheader' && git config --local --unset-all 'http.https://github.com/.extraheader' || :"
2025-11-19T16:06:36.1828447Z [command]/usr/bin/git config --local --name-only --get-regexp ^includeIf\.gitdir:
2025-11-19T16:06:36.1863472Z [command]/usr/bin/git submodule foreach --recursive git config --local --show-origin --name-only --get-regexp remote.origin.url
2025-11-19T16:06:36.2216047Z Cleaning up orphan processes
